#-----------------------------------------------------------
# updatemem v2017.4 (64-bit)
# SW Build 2086221 on Fri Dec 15 20:55:39 MST 2017
# 
# Start of session at: Sun Jan 15 12:05:03 2023
# Process ID: 3476
# Current directory: c:/Users/pault/Desktop/semI/SSC/Microblaze
# Command line: updatemem.exe -mode batch -source E:/Xilinx/SDK/2017.4/scripts/updatemem/main.tcl -notrace -tclargs -meminfo C:/Users/pault/Desktop/semI/SSC/Microblaze/Microblaze.sdk/Microblaze_Block_Design_wrapper_hw_platform_0/Microblaze_Block_Design_wrapper.mmi -data E:/Xilinx/SDK/2017.4/data/embeddedsw/lib/microblaze/mb_bootloop_le.elf -proc Microblaze_Block_Design_i/microblaze_0 -bit C:/Users/pault/Desktop/semI/SSC/Microblaze/Microblaze.sdk/Microblaze_Block_Design_wrapper_hw_platform_0/Microblaze_Block_Design_wrapper.bit -out C:/Users/pault/Desktop/semI/SSC/Microblaze/Microblaze.sdk/Microblaze_Block_Design_wrapper_hw_platform_0/download.bit -force
# Log file: c:/Users/pault/Desktop/semI/SSC/Microblaze/updatemem.log
# Journal file: c:/Users/pault/Desktop/semI/SSC/Microblaze\updatemem.jou
#-----------------------------------------------------------
source E:/Xilinx/SDK/2017.4/scripts/updatemem/main.tcl -notrace
