#-----------------------------------------------------------
# Vivado v2017.4 (64-bit)
# SW Build 2086221 on Fri Dec 15 20:55:39 MST 2017
# IP Build 2085800 on Fri Dec 15 22:25:07 MST 2017
# Start of session at: Tue Dec 27 17:26:12 2022
# Process ID: 9380
# Current directory: C:/Users/pault/Desktop/semI/SSC/Microblaze
# Command line: vivado.exe -gui_launcher_event rodinguilauncherevent13912 C:\Users\pault\Desktop\semI\SSC\Microblaze\Microblaze.xpr
# Log file: C:/Users/pault/Desktop/semI/SSC/Microblaze/vivado.log
# Journal file: C:/Users/pault/Desktop/semI/SSC/Microblaze\vivado.jou
#-----------------------------------------------------------
start_gui
open_project C:/Users/pault/Desktop/semI/SSC/Microblaze/Microblaze.xpr
update_compile_order -fileset sources_1
open_bd_design {C:/Users/pault/Desktop/semI/SSC/Microblaze/Microblaze.srcs/sources_1/bd/Microblaze_Block_Design/Microblaze_Block_Design.bd}
startgroup
create_bd_cell -type ip -vlnv xilinx.com:ip:axi_gpio:2.0 axi_gpio_0
apply_board_connection -board_interface "seven_seg_led_an" -ip_intf "axi_gpio_0/GPIO" -diagram "Microblaze_Block_Design" 
endgroup
apply_board_connection -board_interface "seven_seg_led_disp" -ip_intf "axi_gpio_0/GPIO2" -diagram "Microblaze_Block_Design" 
apply_bd_automation -rule xilinx.com:bd_rule:axi4 -config {Master "/microblaze_0 (Periph)" intc_ip "/microblaze_0_axi_periph" Clk_xbar "Auto" Clk_master "Auto" Clk_slave "Auto" }  [get_bd_intf_pins axi_gpio_0/S_AXI]
regenerate_bd_layout
validate_bd_design
save_bd_design
reset_run synth_1
reset_run Microblaze_Block_Design_dlmb_bram_if_cntlr_0_synth_1
reset_run Microblaze_Block_Design_xbar_0_synth_1
launch_runs impl_1 -to_step write_bitstream -jobs 4
wait_on_run impl_1
file copy -force C:/Users/pault/Desktop/semI/SSC/Microblaze/Microblaze.runs/impl_1/Microblaze_Block_Design_wrapper.sysdef C:/Users/pault/Desktop/semI/SSC/Microblaze/Microblaze.sdk/Microblaze_Block_Design_wrapper.hdf

launch_sdk -workspace C:/Users/pault/Desktop/semI/SSC/Microblaze/Microblaze.sdk -hwspec C:/Users/pault/Desktop/semI/SSC/Microblaze/Microblaze.sdk/Microblaze_Block_Design_wrapper.hdf
make_wrapper -files [get_files C:/Users/pault/Desktop/semI/SSC/Microblaze/Microblaze.srcs/sources_1/bd/Microblaze_Block_Design/Microblaze_Block_Design.bd] -top
make_wrapper -files [get_files C:/Users/pault/Desktop/semI/SSC/Microblaze/Microblaze.srcs/sources_1/bd/Microblaze_Block_Design/Microblaze_Block_Design.bd] -top
make_wrapper -files [get_files C:/Users/pault/Desktop/semI/SSC/Microblaze/Microblaze.srcs/sources_1/bd/Microblaze_Block_Design/Microblaze_Block_Design.bd] -top
open_bd_design {C:/Users/pault/Desktop/semI/SSC/Microblaze/Microblaze.srcs/sources_1/bd/Microblaze_Block_Design/Microblaze_Block_Design.bd}
regenerate_bd_layout
regenerate_bd_layout
validate_bd_design -force
make_wrapper -files [get_files C:/Users/pault/Desktop/semI/SSC/Microblaze/Microblaze.srcs/sources_1/bd/Microblaze_Block_Design/Microblaze_Block_Design.bd] -top
reset_run synth_1
launch_runs impl_1 -to_step write_bitstream -jobs 4
wait_on_run impl_1
file copy -force C:/Users/pault/Desktop/semI/SSC/Microblaze/Microblaze.runs/impl_1/Microblaze_Block_Design_wrapper.sysdef C:/Users/pault/Desktop/semI/SSC/Microblaze/Microblaze.sdk/Microblaze_Block_Design_wrapper.hdf

launch_sdk -workspace C:/Users/pault/Desktop/semI/SSC/Microblaze/Microblaze.sdk -hwspec C:/Users/pault/Desktop/semI/SSC/Microblaze/Microblaze.sdk/Microblaze_Block_Design_wrapper.hdf
open_bd_design {C:/Users/pault/Desktop/semI/SSC/Microblaze/Microblaze.srcs/sources_1/bd/Microblaze_Block_Design/Microblaze_Block_Design.bd}
open_bd_design {C:/Users/pault/Desktop/semI/SSC/Microblaze/Microblaze.srcs/sources_1/bd/Microblaze_Block_Design/Microblaze_Block_Design.bd}
write_bd_layout -format pdf -orientation portrait {E:/My Shit/facultate/an3/sem I/SSC/Microblaze_Block_Design.pdf}
