12:27:43 **** Incremental Build of configuration Debug for project TemperatureSensor ****
make all 
make: Nothing to be done for `all'.
12:28:04 **** Incremental Build of configuration Debug for project TemperatureSensor ****
make all 
'Building file: ../src/main.c'
'Invoking: MicroBlaze gcc compiler'
mb-gcc -Wall -O0 -g3 -c -fmessage-length=0 -MT"src/main.o" -I../../TemperatureSensor_bsp/microblaze_0/include -mlittle-endian -mcpu=v10.0 -mxl-soft-mul -Wl,--no-relax -ffunction-sections -fdata-sections -MMD -MP -MF"src/main.d" -MT"src/main.o" -o "src/main.o" "../src/main.c"
'Finished building: ../src/main.c'
' '
'Building target: TemperatureSensor.elf'
'Invoking: MicroBlaze gcc linker'
mb-gcc -Wl,-T -Wl,../src/lscript.ld -L../../TemperatureSensor_bsp/microblaze_0/lib -mlittle-endian -mcpu=v10.0 -mxl-soft-mul -Wl,--no-relax -Wl,--gc-sections -o "TemperatureSensor.elf"  ./src/pmod_tmp3_iic/PmodTMP3.o ./src/pmod_tmp3_iic/xiic.o ./src/pmod_tmp3_iic/xiic_dyn_master.o ./src/pmod_tmp3_iic/xiic_intr.o ./src/pmod_tmp3_iic/xiic_l.o ./src/pmod_tmp3_iic/xiic_master.o ./src/pmod_tmp3_iic/xiic_multi_master.o ./src/pmod_tmp3_iic/xiic_options.o ./src/pmod_tmp3_iic/xiic_selftest.o ./src/pmod_tmp3_iic/xiic_slave.o ./src/pmod_tmp3_iic/xiic_stats.o  ./src/pmod_dpg1/PmodDPG1.o ./src/pmod_dpg1/xspi.o ./src/pmod_dpg1/xspi_options.o  ./src/gpio/sseg.o  ./src/main.o ./src/platform.o   -Wl,--start-group,-lxil,-lgcc,-lc,--end-group
'Finished building target: TemperatureSensor.elf'
' '
'Invoking: MicroBlaze Print Size'
mb-size TemperatureSensor.elf  |tee "TemperatureSensor.elf.size"
   text	   data	    bss	    dec	    hex	filename
  26660	    416	   3332	  30408	   76c8	TemperatureSensor.elf
'Finished building: TemperatureSensor.elf.size'
' '
12:29:57 **** Incremental Build of configuration Debug for project TemperatureSensor ****
make all 
'Building file: ../src/main.c'
'Invoking: MicroBlaze gcc compiler'
mb-gcc -Wall -O0 -g3 -c -fmessage-length=0 -MT"src/main.o" -I../../TemperatureSensor_bsp/microblaze_0/include -mlittle-endian -mcpu=v10.0 -mxl-soft-mul -Wl,--no-relax -ffunction-sections -fdata-sections -MMD -MP -MF"src/main.d" -MT"src/main.o" -o "src/main.o" "../src/main.c"
'Finished building: ../src/main.c'
' '
'Building target: TemperatureSensor.elf'
'Invoking: MicroBlaze gcc linker'
mb-gcc -Wl,-T -Wl,../src/lscript.ld -L../../TemperatureSensor_bsp/microblaze_0/lib -mlittle-endian -mcpu=v10.0 -mxl-soft-mul -Wl,--no-relax -Wl,--gc-sections -o "TemperatureSensor.elf"  ./src/pmod_tmp3_iic/PmodTMP3.o ./src/pmod_tmp3_iic/xiic.o ./src/pmod_tmp3_iic/xiic_dyn_master.o ./src/pmod_tmp3_iic/xiic_intr.o ./src/pmod_tmp3_iic/xiic_l.o ./src/pmod_tmp3_iic/xiic_master.o ./src/pmod_tmp3_iic/xiic_multi_master.o ./src/pmod_tmp3_iic/xiic_options.o ./src/pmod_tmp3_iic/xiic_selftest.o ./src/pmod_tmp3_iic/xiic_slave.o ./src/pmod_tmp3_iic/xiic_stats.o  ./src/pmod_dpg1/PmodDPG1.o ./src/pmod_dpg1/xspi.o ./src/pmod_dpg1/xspi_options.o  ./src/gpio/sseg.o  ./src/main.o ./src/platform.o   -Wl,--start-group,-lxil,-lgcc,-lc,--end-group
'Finished building target: TemperatureSensor.elf'
' '
'Invoking: MicroBlaze Print Size'
mb-size TemperatureSensor.elf  |tee "TemperatureSensor.elf.size"
   text	   data	    bss	    dec	    hex	filename
  26660	    416	   3332	  30408	   76c8	TemperatureSensor.elf
'Finished building: TemperatureSensor.elf.size'
' '
12:30:53 **** Incremental Build of configuration Debug for project TemperatureSensor ****
make all 
'Building file: ../src/main.c'
'Invoking: MicroBlaze gcc compiler'
mb-gcc -Wall -O0 -g3 -c -fmessage-length=0 -MT"src/main.o" -I../../TemperatureSensor_bsp/microblaze_0/include -mlittle-endian -mcpu=v10.0 -mxl-soft-mul -Wl,--no-relax -ffunction-sections -fdata-sections -MMD -MP -MF"src/main.d" -MT"src/main.o" -o "src/main.o" "../src/main.c"
'Finished building: ../src/main.c'
' '
'Building target: TemperatureSensor.elf'
'Invoking: MicroBlaze gcc linker'
mb-gcc -Wl,-T -Wl,../src/lscript.ld -L../../TemperatureSensor_bsp/microblaze_0/lib -mlittle-endian -mcpu=v10.0 -mxl-soft-mul -Wl,--no-relax -Wl,--gc-sections -o "TemperatureSensor.elf"  ./src/pmod_tmp3_iic/PmodTMP3.o ./src/pmod_tmp3_iic/xiic.o ./src/pmod_tmp3_iic/xiic_dyn_master.o ./src/pmod_tmp3_iic/xiic_intr.o ./src/pmod_tmp3_iic/xiic_l.o ./src/pmod_tmp3_iic/xiic_master.o ./src/pmod_tmp3_iic/xiic_multi_master.o ./src/pmod_tmp3_iic/xiic_options.o ./src/pmod_tmp3_iic/xiic_selftest.o ./src/pmod_tmp3_iic/xiic_slave.o ./src/pmod_tmp3_iic/xiic_stats.o  ./src/pmod_dpg1/PmodDPG1.o ./src/pmod_dpg1/xspi.o ./src/pmod_dpg1/xspi_options.o  ./src/gpio/sseg.o  ./src/main.o ./src/platform.o   -Wl,--start-group,-lxil,-lgcc,-lc,--end-group
'Finished building target: TemperatureSensor.elf'
' '
'Invoking: MicroBlaze Print Size'
mb-size TemperatureSensor.elf  |tee "TemperatureSensor.elf.size"
   text	   data	    bss	    dec	    hex	filename
  26660	    416	   3332	  30408	   76c8	TemperatureSensor.elf
'Finished building: TemperatureSensor.elf.size'
' '
12:31:15 **** Incremental Build of configuration Debug for project TemperatureSensor ****
make all 
'Building file: ../src/main.c'
'Invoking: MicroBlaze gcc compiler'
mb-gcc -Wall -O0 -g3 -c -fmessage-length=0 -MT"src/main.o" -I../../TemperatureSensor_bsp/microblaze_0/include -mlittle-endian -mcpu=v10.0 -mxl-soft-mul -Wl,--no-relax -ffunction-sections -fdata-sections -MMD -MP -MF"src/main.d" -MT"src/main.o" -o "src/main.o" "../src/main.c"
'Finished building: ../src/main.c'
' '
'Building target: TemperatureSensor.elf'
'Invoking: MicroBlaze gcc linker'
mb-gcc -Wl,-T -Wl,../src/lscript.ld -L../../TemperatureSensor_bsp/microblaze_0/lib -mlittle-endian -mcpu=v10.0 -mxl-soft-mul -Wl,--no-relax -Wl,--gc-sections -o "TemperatureSensor.elf"  ./src/pmod_tmp3_iic/PmodTMP3.o ./src/pmod_tmp3_iic/xiic.o ./src/pmod_tmp3_iic/xiic_dyn_master.o ./src/pmod_tmp3_iic/xiic_intr.o ./src/pmod_tmp3_iic/xiic_l.o ./src/pmod_tmp3_iic/xiic_master.o ./src/pmod_tmp3_iic/xiic_multi_master.o ./src/pmod_tmp3_iic/xiic_options.o ./src/pmod_tmp3_iic/xiic_selftest.o ./src/pmod_tmp3_iic/xiic_slave.o ./src/pmod_tmp3_iic/xiic_stats.o  ./src/pmod_dpg1/PmodDPG1.o ./src/pmod_dpg1/xspi.o ./src/pmod_dpg1/xspi_options.o  ./src/gpio/sseg.o  ./src/main.o ./src/platform.o   -Wl,--start-group,-lxil,-lgcc,-lc,--end-group
'Finished building target: TemperatureSensor.elf'
' '
'Invoking: MicroBlaze Print Size'
mb-size TemperatureSensor.elf  |tee "TemperatureSensor.elf.size"
   text	   data	    bss	    dec	    hex	filename
  26660	    416	   3332	  30408	   76c8	TemperatureSensor.elf
'Finished building: TemperatureSensor.elf.size'
' '
12:31:25 **** Incremental Build of configuration Debug for project TemperatureSensor ****
make all 
make: Nothing to be done for `all'.
12:31:37 **** Incremental Build of configuration Debug for project TemperatureSensor ****
make all 
make: Nothing to be done for `all'.
12:31:48 **** Incremental Build of configuration Debug for project TemperatureSensor ****
make all 
make: Nothing to be done for `all'.
12:32:42 **** Incremental Build of configuration Debug for project TemperatureSensor ****
make all 
'Building file: ../src/main.c'
'Invoking: MicroBlaze gcc compiler'
mb-gcc -Wall -O0 -g3 -c -fmessage-length=0 -MT"src/main.o" -I../../TemperatureSensor_bsp/microblaze_0/include -mlittle-endian -mcpu=v10.0 -mxl-soft-mul -Wl,--no-relax -ffunction-sections -fdata-sections -MMD -MP -MF"src/main.d" -MT"src/main.o" -o "src/main.o" "../src/main.c"
'Finished building: ../src/main.c'
' '
'Building target: TemperatureSensor.elf'
'Invoking: MicroBlaze gcc linker'
mb-gcc -Wl,-T -Wl,../src/lscript.ld -L../../TemperatureSensor_bsp/microblaze_0/lib -mlittle-endian -mcpu=v10.0 -mxl-soft-mul -Wl,--no-relax -Wl,--gc-sections -o "TemperatureSensor.elf"  ./src/pmod_tmp3_iic/PmodTMP3.o ./src/pmod_tmp3_iic/xiic.o ./src/pmod_tmp3_iic/xiic_dyn_master.o ./src/pmod_tmp3_iic/xiic_intr.o ./src/pmod_tmp3_iic/xiic_l.o ./src/pmod_tmp3_iic/xiic_master.o ./src/pmod_tmp3_iic/xiic_multi_master.o ./src/pmod_tmp3_iic/xiic_options.o ./src/pmod_tmp3_iic/xiic_selftest.o ./src/pmod_tmp3_iic/xiic_slave.o ./src/pmod_tmp3_iic/xiic_stats.o  ./src/pmod_dpg1/PmodDPG1.o ./src/pmod_dpg1/xspi.o ./src/pmod_dpg1/xspi_options.o  ./src/gpio/sseg.o  ./src/main.o ./src/platform.o   -Wl,--start-group,-lxil,-lgcc,-lc,--end-group
'Finished building target: TemperatureSensor.elf'
' '
'Invoking: MicroBlaze Print Size'
mb-size TemperatureSensor.elf  |tee "TemperatureSensor.elf.size"
   text	   data	    bss	    dec	    hex	filename
  26700	    416	   3332	  30448	   76f0	TemperatureSensor.elf
'Finished building: TemperatureSensor.elf.size'
' '
12:33:14 **** Incremental Build of configuration Debug for project TemperatureSensor ****
make all 
'Building file: ../src/main.c'
'Invoking: MicroBlaze gcc compiler'
mb-gcc -Wall -O0 -g3 -c -fmessage-length=0 -MT"src/main.o" -I../../TemperatureSensor_bsp/microblaze_0/include -mlittle-endian -mcpu=v10.0 -mxl-soft-mul -Wl,--no-relax -ffunction-sections -fdata-sections -MMD -MP -MF"src/main.d" -MT"src/main.o" -o "src/main.o" "../src/main.c"
'Finished building: ../src/main.c'
' '
'Building target: TemperatureSensor.elf'
'Invoking: MicroBlaze gcc linker'
mb-gcc -Wl,-T -Wl,../src/lscript.ld -L../../TemperatureSensor_bsp/microblaze_0/lib -mlittle-endian -mcpu=v10.0 -mxl-soft-mul -Wl,--no-relax -Wl,--gc-sections -o "TemperatureSensor.elf"  ./src/pmod_tmp3_iic/PmodTMP3.o ./src/pmod_tmp3_iic/xiic.o ./src/pmod_tmp3_iic/xiic_dyn_master.o ./src/pmod_tmp3_iic/xiic_intr.o ./src/pmod_tmp3_iic/xiic_l.o ./src/pmod_tmp3_iic/xiic_master.o ./src/pmod_tmp3_iic/xiic_multi_master.o ./src/pmod_tmp3_iic/xiic_options.o ./src/pmod_tmp3_iic/xiic_selftest.o ./src/pmod_tmp3_iic/xiic_slave.o ./src/pmod_tmp3_iic/xiic_stats.o  ./src/pmod_dpg1/PmodDPG1.o ./src/pmod_dpg1/xspi.o ./src/pmod_dpg1/xspi_options.o  ./src/gpio/sseg.o  ./src/main.o ./src/platform.o   -Wl,--start-group,-lxil,-lgcc,-lc,--end-group
'Finished building target: TemperatureSensor.elf'
' '
'Invoking: MicroBlaze Print Size'
mb-size TemperatureSensor.elf  |tee "TemperatureSensor.elf.size"
   text	   data	    bss	    dec	    hex	filename
  26700	    416	   3332	  30448	   76f0	TemperatureSensor.elf
'Finished building: TemperatureSensor.elf.size'
' '
12:34:14 **** Incremental Build of configuration Debug for project TemperatureSensor ****
make all 
make: Nothing to be done for `all'.
12:34:32 **** Incremental Build of configuration Debug for project TemperatureSensor ****
make all 
'Building file: ../src/main.c'
'Invoking: MicroBlaze gcc compiler'
mb-gcc -Wall -O0 -g3 -c -fmessage-length=0 -MT"src/main.o" -I../../TemperatureSensor_bsp/microblaze_0/include -mlittle-endian -mcpu=v10.0 -mxl-soft-mul -Wl,--no-relax -ffunction-sections -fdata-sections -MMD -MP -MF"src/main.d" -MT"src/main.o" -o "src/main.o" "../src/main.c"
'Finished building: ../src/main.c'
' '
'Building target: TemperatureSensor.elf'
'Invoking: MicroBlaze gcc linker'
mb-gcc -Wl,-T -Wl,../src/lscript.ld -L../../TemperatureSensor_bsp/microblaze_0/lib -mlittle-endian -mcpu=v10.0 -mxl-soft-mul -Wl,--no-relax -Wl,--gc-sections -o "TemperatureSensor.elf"  ./src/pmod_tmp3_iic/PmodTMP3.o ./src/pmod_tmp3_iic/xiic.o ./src/pmod_tmp3_iic/xiic_dyn_master.o ./src/pmod_tmp3_iic/xiic_intr.o ./src/pmod_tmp3_iic/xiic_l.o ./src/pmod_tmp3_iic/xiic_master.o ./src/pmod_tmp3_iic/xiic_multi_master.o ./src/pmod_tmp3_iic/xiic_options.o ./src/pmod_tmp3_iic/xiic_selftest.o ./src/pmod_tmp3_iic/xiic_slave.o ./src/pmod_tmp3_iic/xiic_stats.o  ./src/pmod_dpg1/PmodDPG1.o ./src/pmod_dpg1/xspi.o ./src/pmod_dpg1/xspi_options.o  ./src/gpio/sseg.o  ./src/main.o ./src/platform.o   -Wl,--start-group,-lxil,-lgcc,-lc,--end-group
'Finished building target: TemperatureSensor.elf'
' '
'Invoking: MicroBlaze Print Size'
mb-size TemperatureSensor.elf  |tee "TemperatureSensor.elf.size"
   text	   data	    bss	    dec	    hex	filename
  26660	    416	   3332	  30408	   76c8	TemperatureSensor.elf
'Finished building: TemperatureSensor.elf.size'
' '
12:35:08 **** Incremental Build of configuration Debug for project TemperatureSensor ****
make all 
'Building file: ../src/main.c'
'Invoking: MicroBlaze gcc compiler'
mb-gcc -Wall -O0 -g3 -c -fmessage-length=0 -MT"src/main.o" -I../../TemperatureSensor_bsp/microblaze_0/include -mlittle-endian -mcpu=v10.0 -mxl-soft-mul -Wl,--no-relax -ffunction-sections -fdata-sections -MMD -MP -MF"src/main.d" -MT"src/main.o" -o "src/main.o" "../src/main.c"
'Finished building: ../src/main.c'
' '
'Building target: TemperatureSensor.elf'
'Invoking: MicroBlaze gcc linker'
mb-gcc -Wl,-T -Wl,../src/lscript.ld -L../../TemperatureSensor_bsp/microblaze_0/lib -mlittle-endian -mcpu=v10.0 -mxl-soft-mul -Wl,--no-relax -Wl,--gc-sections -o "TemperatureSensor.elf"  ./src/pmod_tmp3_iic/PmodTMP3.o ./src/pmod_tmp3_iic/xiic.o ./src/pmod_tmp3_iic/xiic_dyn_master.o ./src/pmod_tmp3_iic/xiic_intr.o ./src/pmod_tmp3_iic/xiic_l.o ./src/pmod_tmp3_iic/xiic_master.o ./src/pmod_tmp3_iic/xiic_multi_master.o ./src/pmod_tmp3_iic/xiic_options.o ./src/pmod_tmp3_iic/xiic_selftest.o ./src/pmod_tmp3_iic/xiic_slave.o ./src/pmod_tmp3_iic/xiic_stats.o  ./src/pmod_dpg1/PmodDPG1.o ./src/pmod_dpg1/xspi.o ./src/pmod_dpg1/xspi_options.o  ./src/gpio/sseg.o  ./src/main.o ./src/platform.o   -Wl,--start-group,-lxil,-lgcc,-lc,--end-group
'Finished building target: TemperatureSensor.elf'
' '
'Invoking: MicroBlaze Print Size'
mb-size TemperatureSensor.elf  |tee "TemperatureSensor.elf.size"
   text	   data	    bss	    dec	    hex	filename
  26664	    416	   3328	  30408	   76c8	TemperatureSensor.elf
'Finished building: TemperatureSensor.elf.size'
' '
12:35:21 **** Incremental Build of configuration Debug for project TemperatureSensor ****
make all 
'Building file: ../src/main.c'
'Invoking: MicroBlaze gcc compiler'
mb-gcc -Wall -O0 -g3 -c -fmessage-length=0 -MT"src/main.o" -I../../TemperatureSensor_bsp/microblaze_0/include -mlittle-endian -mcpu=v10.0 -mxl-soft-mul -Wl,--no-relax -ffunction-sections -fdata-sections -MMD -MP -MF"src/main.d" -MT"src/main.o" -o "src/main.o" "../src/main.c"
'Finished building: ../src/main.c'
' '
'Building target: TemperatureSensor.elf'
'Invoking: MicroBlaze gcc linker'
mb-gcc -Wl,-T -Wl,../src/lscript.ld -L../../TemperatureSensor_bsp/microblaze_0/lib -mlittle-endian -mcpu=v10.0 -mxl-soft-mul -Wl,--no-relax -Wl,--gc-sections -o "TemperatureSensor.elf"  ./src/pmod_tmp3_iic/PmodTMP3.o ./src/pmod_tmp3_iic/xiic.o ./src/pmod_tmp3_iic/xiic_dyn_master.o ./src/pmod_tmp3_iic/xiic_intr.o ./src/pmod_tmp3_iic/xiic_l.o ./src/pmod_tmp3_iic/xiic_master.o ./src/pmod_tmp3_iic/xiic_multi_master.o ./src/pmod_tmp3_iic/xiic_options.o ./src/pmod_tmp3_iic/xiic_selftest.o ./src/pmod_tmp3_iic/xiic_slave.o ./src/pmod_tmp3_iic/xiic_stats.o  ./src/pmod_dpg1/PmodDPG1.o ./src/pmod_dpg1/xspi.o ./src/pmod_dpg1/xspi_options.o  ./src/gpio/sseg.o  ./src/main.o ./src/platform.o   -Wl,--start-group,-lxil,-lgcc,-lc,--end-group
'Finished building target: TemperatureSensor.elf'
' '
'Invoking: MicroBlaze Print Size'
mb-size TemperatureSensor.elf  |tee "TemperatureSensor.elf.size"
   text	   data	    bss	    dec	    hex	filename
  26664	    416	   3328	  30408	   76c8	TemperatureSensor.elf
'Finished building: TemperatureSensor.elf.size'
' '
12:38:08 **** Incremental Build of configuration Debug for project TemperatureSensor ****
make all 
'Building file: ../src/main.c'
'Invoking: MicroBlaze gcc compiler'
mb-gcc -Wall -O0 -g3 -c -fmessage-length=0 -MT"src/main.o" -I../../TemperatureSensor_bsp/microblaze_0/include -mlittle-endian -mcpu=v10.0 -mxl-soft-mul -Wl,--no-relax -ffunction-sections -fdata-sections -MMD -MP -MF"src/main.d" -MT"src/main.o" -o "src/main.o" "../src/main.c"
'Finished building: ../src/main.c'
' '
'Building target: TemperatureSensor.elf'
'Invoking: MicroBlaze gcc linker'
mb-gcc -Wl,-T -Wl,../src/lscript.ld -L../../TemperatureSensor_bsp/microblaze_0/lib -mlittle-endian -mcpu=v10.0 -mxl-soft-mul -Wl,--no-relax -Wl,--gc-sections -o "TemperatureSensor.elf"  ./src/pmod_tmp3_iic/PmodTMP3.o ./src/pmod_tmp3_iic/xiic.o ./src/pmod_tmp3_iic/xiic_dyn_master.o ./src/pmod_tmp3_iic/xiic_intr.o ./src/pmod_tmp3_iic/xiic_l.o ./src/pmod_tmp3_iic/xiic_master.o ./src/pmod_tmp3_iic/xiic_multi_master.o ./src/pmod_tmp3_iic/xiic_options.o ./src/pmod_tmp3_iic/xiic_selftest.o ./src/pmod_tmp3_iic/xiic_slave.o ./src/pmod_tmp3_iic/xiic_stats.o  ./src/pmod_dpg1/PmodDPG1.o ./src/pmod_dpg1/xspi.o ./src/pmod_dpg1/xspi_options.o  ./src/gpio/sseg.o  ./src/main.o ./src/platform.o   -Wl,--start-group,-lxil,-lgcc,-lc,--end-group
'Finished building target: TemperatureSensor.elf'
' '
'Invoking: MicroBlaze Print Size'
mb-size TemperatureSensor.elf  |tee "TemperatureSensor.elf.size"
   text	   data	    bss	    dec	    hex	filename
  26812	    416	   3332	  30560	   7760	TemperatureSensor.elf
'Finished building: TemperatureSensor.elf.size'
' '
12:42:24 **** Incremental Build of configuration Debug for project TemperatureSensor ****
make all 
'Building file: ../src/main.c'
'Invoking: MicroBlaze gcc compiler'
mb-gcc -Wall -O0 -g3 -c -fmessage-length=0 -MT"src/main.o" -I../../TemperatureSensor_bsp/microblaze_0/include -mlittle-endian -mcpu=v10.0 -mxl-soft-mul -Wl,--no-relax -ffunction-sections -fdata-sections -MMD -MP -MF"src/main.d" -MT"src/main.o" -o "src/main.o" "../src/main.c"
'Finished building: ../src/main.c'
' '
'Building target: TemperatureSensor.elf'
'Invoking: MicroBlaze gcc linker'
mb-gcc -Wl,-T -Wl,../src/lscript.ld -L../../TemperatureSensor_bsp/microblaze_0/lib -mlittle-endian -mcpu=v10.0 -mxl-soft-mul -Wl,--no-relax -Wl,--gc-sections -o "TemperatureSensor.elf"  ./src/pmod_tmp3_iic/PmodTMP3.o ./src/pmod_tmp3_iic/xiic.o ./src/pmod_tmp3_iic/xiic_dyn_master.o ./src/pmod_tmp3_iic/xiic_intr.o ./src/pmod_tmp3_iic/xiic_l.o ./src/pmod_tmp3_iic/xiic_master.o ./src/pmod_tmp3_iic/xiic_multi_master.o ./src/pmod_tmp3_iic/xiic_options.o ./src/pmod_tmp3_iic/xiic_selftest.o ./src/pmod_tmp3_iic/xiic_slave.o ./src/pmod_tmp3_iic/xiic_stats.o  ./src/pmod_dpg1/PmodDPG1.o ./src/pmod_dpg1/xspi.o ./src/pmod_dpg1/xspi_options.o  ./src/gpio/sseg.o  ./src/main.o ./src/platform.o   -Wl,--start-group,-lxil,-lgcc,-lc,--end-group
'Finished building target: TemperatureSensor.elf'
' '
'Invoking: MicroBlaze Print Size'
mb-size TemperatureSensor.elf  |tee "TemperatureSensor.elf.size"
   text	   data	    bss	    dec	    hex	filename
  92336	   1580	   3412	  97328	  17c30	TemperatureSensor.elf
'Finished building: TemperatureSensor.elf.size'
' '
12:42:50 **** Incremental Build of configuration Debug for project TemperatureSensor ****
make all 
'Building file: ../src/main.c'
'Invoking: MicroBlaze gcc compiler'
mb-gcc -Wall -O0 -g3 -c -fmessage-length=0 -MT"src/main.o" -I../../TemperatureSensor_bsp/microblaze_0/include -mlittle-endian -mcpu=v10.0 -mxl-soft-mul -Wl,--no-relax -ffunction-sections -fdata-sections -MMD -MP -MF"src/main.d" -MT"src/main.o" -o "src/main.o" "../src/main.c"
'Finished building: ../src/main.c'
' '
'Building target: TemperatureSensor.elf'
'Invoking: MicroBlaze gcc linker'
mb-gcc -Wl,-T -Wl,../src/lscript.ld -L../../TemperatureSensor_bsp/microblaze_0/lib -mlittle-endian -mcpu=v10.0 -mxl-soft-mul -Wl,--no-relax -Wl,--gc-sections -o "TemperatureSensor.elf"  ./src/pmod_tmp3_iic/PmodTMP3.o ./src/pmod_tmp3_iic/xiic.o ./src/pmod_tmp3_iic/xiic_dyn_master.o ./src/pmod_tmp3_iic/xiic_intr.o ./src/pmod_tmp3_iic/xiic_l.o ./src/pmod_tmp3_iic/xiic_master.o ./src/pmod_tmp3_iic/xiic_multi_master.o ./src/pmod_tmp3_iic/xiic_options.o ./src/pmod_tmp3_iic/xiic_selftest.o ./src/pmod_tmp3_iic/xiic_slave.o ./src/pmod_tmp3_iic/xiic_stats.o  ./src/pmod_dpg1/PmodDPG1.o ./src/pmod_dpg1/xspi.o ./src/pmod_dpg1/xspi_options.o  ./src/gpio/sseg.o  ./src/main.o ./src/platform.o   -Wl,--start-group,-lxil,-lgcc,-lc,--end-group
'Finished building target: TemperatureSensor.elf'
' '
'Invoking: MicroBlaze Print Size'
mb-size TemperatureSensor.elf  |tee "TemperatureSensor.elf.size"
   text	   data	    bss	    dec	    hex	filename
  92336	   1580	   3412	  97328	  17c30	TemperatureSensor.elf
'Finished building: TemperatureSensor.elf.size'
' '
12:43:23 **** Incremental Build of configuration Debug for project TemperatureSensor ****
make all 
make: Nothing to be done for `all'.
12:43:46 **** Incremental Build of configuration Debug for project TemperatureSensor ****
make all 
'Building file: ../src/main.c'
'Invoking: MicroBlaze gcc compiler'
mb-gcc -Wall -O0 -g3 -c -fmessage-length=0 -MT"src/main.o" -I../../TemperatureSensor_bsp/microblaze_0/include -mlittle-endian -mcpu=v10.0 -mxl-soft-mul -Wl,--no-relax -ffunction-sections -fdata-sections -MMD -MP -MF"src/main.d" -MT"src/main.o" -o "src/main.o" "../src/main.c"
'Finished building: ../src/main.c'
' '
'Building target: TemperatureSensor.elf'
'Invoking: MicroBlaze gcc linker'
mb-gcc -Wl,-T -Wl,../src/lscript.ld -L../../TemperatureSensor_bsp/microblaze_0/lib -mlittle-endian -mcpu=v10.0 -mxl-soft-mul -Wl,--no-relax -Wl,--gc-sections -o "TemperatureSensor.elf"  ./src/pmod_tmp3_iic/PmodTMP3.o ./src/pmod_tmp3_iic/xiic.o ./src/pmod_tmp3_iic/xiic_dyn_master.o ./src/pmod_tmp3_iic/xiic_intr.o ./src/pmod_tmp3_iic/xiic_l.o ./src/pmod_tmp3_iic/xiic_master.o ./src/pmod_tmp3_iic/xiic_multi_master.o ./src/pmod_tmp3_iic/xiic_options.o ./src/pmod_tmp3_iic/xiic_selftest.o ./src/pmod_tmp3_iic/xiic_slave.o ./src/pmod_tmp3_iic/xiic_stats.o  ./src/pmod_dpg1/PmodDPG1.o ./src/pmod_dpg1/xspi.o ./src/pmod_dpg1/xspi_options.o  ./src/gpio/sseg.o  ./src/main.o ./src/platform.o   -Wl,--start-group,-lxil,-lgcc,-lc,--end-group
'Finished building target: TemperatureSensor.elf'
' '
'Invoking: MicroBlaze Print Size'
mb-size TemperatureSensor.elf  |tee "TemperatureSensor.elf.size"
   text	   data	    bss	    dec	    hex	filename
  92336	   1580	   3412	  97328	  17c30	TemperatureSensor.elf
'Finished building: TemperatureSensor.elf.size'
' '
12:44:44 **** Incremental Build of configuration Debug for project TemperatureSensor ****
make all 
make: Nothing to be done for `all'.
12:45:08 **** Incremental Build of configuration Debug for project TemperatureSensor ****
make all 
make: Nothing to be done for `all'.
12:46:30 **** Incremental Build of configuration Debug for project TemperatureSensor ****
make all 
'Building file: ../src/main.c'
'Invoking: MicroBlaze gcc compiler'
mb-gcc -Wall -O0 -g3 -c -fmessage-length=0 -MT"src/main.o" -I../../TemperatureSensor_bsp/microblaze_0/include -mlittle-endian -mcpu=v10.0 -mxl-soft-mul -Wl,--no-relax -ffunction-sections -fdata-sections -MMD -MP -MF"src/main.d" -MT"src/main.o" -o "src/main.o" "../src/main.c"
'Finished building: ../src/main.c'
' '
'Building target: TemperatureSensor.elf'
'Invoking: MicroBlaze gcc linker'
mb-gcc -Wl,-T -Wl,../src/lscript.ld -L../../TemperatureSensor_bsp/microblaze_0/lib -mlittle-endian -mcpu=v10.0 -mxl-soft-mul -Wl,--no-relax -Wl,--gc-sections -o "TemperatureSensor.elf"  ./src/pmod_tmp3_iic/PmodTMP3.o ./src/pmod_tmp3_iic/xiic.o ./src/pmod_tmp3_iic/xiic_dyn_master.o ./src/pmod_tmp3_iic/xiic_intr.o ./src/pmod_tmp3_iic/xiic_l.o ./src/pmod_tmp3_iic/xiic_master.o ./src/pmod_tmp3_iic/xiic_multi_master.o ./src/pmod_tmp3_iic/xiic_options.o ./src/pmod_tmp3_iic/xiic_selftest.o ./src/pmod_tmp3_iic/xiic_slave.o ./src/pmod_tmp3_iic/xiic_stats.o  ./src/pmod_dpg1/PmodDPG1.o ./src/pmod_dpg1/xspi.o ./src/pmod_dpg1/xspi_options.o  ./src/gpio/sseg.o  ./src/main.o ./src/platform.o   -Wl,--start-group,-lxil,-lgcc,-lc,--end-group
'Finished building target: TemperatureSensor.elf'
' '
'Invoking: MicroBlaze Print Size'
mb-size TemperatureSensor.elf  |tee "TemperatureSensor.elf.size"
   text	   data	    bss	    dec	    hex	filename
  92372	   1580	   3416	  97368	  17c58	TemperatureSensor.elf
'Finished building: TemperatureSensor.elf.size'
' '
12:49:57 **** Incremental Build of configuration Debug for project TemperatureSensor ****
make all 
make: Nothing to be done for `all'.
12:50:23 **** Incremental Build of configuration Debug for project TemperatureSensor ****
make all 
make: Nothing to be done for `all'.
16:21:22 **** Incremental Build of configuration Debug for project TemperatureSensor ****
make all 
make: Nothing to be done for `all'.
16:27:47 **** Incremental Build of configuration Debug for project TemperatureSensor ****
make all 
'Building file: ../src/main.c'
'Invoking: MicroBlaze gcc compiler'
mb-gcc -Wall -O0 -g3 -c -fmessage-length=0 -MT"src/main.o" -I../../TemperatureSensor_bsp/microblaze_0/include -mlittle-endian -mcpu=v10.0 -mxl-soft-mul -Wl,--no-relax -ffunction-sections -fdata-sections -MMD -MP -MF"src/main.d" -MT"src/main.o" -o "src/main.o" "../src/main.c"
'Finished building: ../src/main.c'
' '
'Building target: TemperatureSensor.elf'
'Invoking: MicroBlaze gcc linker'
mb-gcc -Wl,-T -Wl,../src/lscript.ld -L../../TemperatureSensor_bsp/microblaze_0/lib -mlittle-endian -mcpu=v10.0 -mxl-soft-mul -Wl,--no-relax -Wl,--gc-sections -o "TemperatureSensor.elf"  ./src/pmod_tmp3_iic/PmodTMP3.o ./src/pmod_tmp3_iic/xiic.o ./src/pmod_tmp3_iic/xiic_dyn_master.o ./src/pmod_tmp3_iic/xiic_intr.o ./src/pmod_tmp3_iic/xiic_l.o ./src/pmod_tmp3_iic/xiic_master.o ./src/pmod_tmp3_iic/xiic_multi_master.o ./src/pmod_tmp3_iic/xiic_options.o ./src/pmod_tmp3_iic/xiic_selftest.o ./src/pmod_tmp3_iic/xiic_slave.o ./src/pmod_tmp3_iic/xiic_stats.o  ./src/pmod_dpg1/PmodDPG1.o ./src/pmod_dpg1/xspi.o ./src/pmod_dpg1/xspi_options.o  ./src/gpio/sseg.o  ./src/main.o ./src/platform.o   -Wl,--start-group,-lxil,-lgcc,-lc,--end-group
'Finished building target: TemperatureSensor.elf'
' '
'Invoking: MicroBlaze Print Size'
mb-size TemperatureSensor.elf  |tee "TemperatureSensor.elf.size"
   text	   data	    bss	    dec	    hex	filename
  92372	   1580	   3416	  97368	  17c58	TemperatureSensor.elf
'Finished building: TemperatureSensor.elf.size'
' '
16:28:31 **** Incremental Build of configuration Debug for project TemperatureSensor ****
make all 
'Building file: ../src/main.c'
'Invoking: MicroBlaze gcc compiler'
mb-gcc -Wall -O0 -g3 -c -fmessage-length=0 -MT"src/main.o" -I../../TemperatureSensor_bsp/microblaze_0/include -mlittle-endian -mcpu=v10.0 -mxl-soft-mul -Wl,--no-relax -ffunction-sections -fdata-sections -MMD -MP -MF"src/main.d" -MT"src/main.o" -o "src/main.o" "../src/main.c"
'Finished building: ../src/main.c'
' '
'Building target: TemperatureSensor.elf'
'Invoking: MicroBlaze gcc linker'
mb-gcc -Wl,-T -Wl,../src/lscript.ld -L../../TemperatureSensor_bsp/microblaze_0/lib -mlittle-endian -mcpu=v10.0 -mxl-soft-mul -Wl,--no-relax -Wl,--gc-sections -o "TemperatureSensor.elf"  ./src/pmod_tmp3_iic/PmodTMP3.o ./src/pmod_tmp3_iic/xiic.o ./src/pmod_tmp3_iic/xiic_dyn_master.o ./src/pmod_tmp3_iic/xiic_intr.o ./src/pmod_tmp3_iic/xiic_l.o ./src/pmod_tmp3_iic/xiic_master.o ./src/pmod_tmp3_iic/xiic_multi_master.o ./src/pmod_tmp3_iic/xiic_options.o ./src/pmod_tmp3_iic/xiic_selftest.o ./src/pmod_tmp3_iic/xiic_slave.o ./src/pmod_tmp3_iic/xiic_stats.o  ./src/pmod_dpg1/PmodDPG1.o ./src/pmod_dpg1/xspi.o ./src/pmod_dpg1/xspi_options.o  ./src/gpio/sseg.o  ./src/main.o ./src/platform.o   -Wl,--start-group,-lxil,-lgcc,-lc,--end-group
'Finished building target: TemperatureSensor.elf'
' '
'Invoking: MicroBlaze Print Size'
mb-size TemperatureSensor.elf  |tee "TemperatureSensor.elf.size"
   text	   data	    bss	    dec	    hex	filename
  92372	   1580	   3416	  97368	  17c58	TemperatureSensor.elf
'Finished building: TemperatureSensor.elf.size'
' '
16:32:51 **** Incremental Build of configuration Debug for project TemperatureSensor ****
make all 
'Building file: ../src/main.c'
'Invoking: MicroBlaze gcc compiler'
mb-gcc -Wall -O0 -g3 -c -fmessage-length=0 -MT"src/main.o" -I../../TemperatureSensor_bsp/microblaze_0/include -mlittle-endian -mcpu=v10.0 -mxl-soft-mul -Wl,--no-relax -ffunction-sections -fdata-sections -MMD -MP -MF"src/main.d" -MT"src/main.o" -o "src/main.o" "../src/main.c"
'Finished building: ../src/main.c'
' '
'Building target: TemperatureSensor.elf'
'Invoking: MicroBlaze gcc linker'
mb-gcc -Wl,-T -Wl,../src/lscript.ld -L../../TemperatureSensor_bsp/microblaze_0/lib -mlittle-endian -mcpu=v10.0 -mxl-soft-mul -Wl,--no-relax -Wl,--gc-sections -o "TemperatureSensor.elf"  ./src/pmod_tmp3_iic/PmodTMP3.o ./src/pmod_tmp3_iic/xiic.o ./src/pmod_tmp3_iic/xiic_dyn_master.o ./src/pmod_tmp3_iic/xiic_intr.o ./src/pmod_tmp3_iic/xiic_l.o ./src/pmod_tmp3_iic/xiic_master.o ./src/pmod_tmp3_iic/xiic_multi_master.o ./src/pmod_tmp3_iic/xiic_options.o ./src/pmod_tmp3_iic/xiic_selftest.o ./src/pmod_tmp3_iic/xiic_slave.o ./src/pmod_tmp3_iic/xiic_stats.o  ./src/pmod_dpg1/PmodDPG1.o ./src/pmod_dpg1/xspi.o ./src/pmod_dpg1/xspi_options.o  ./src/gpio/sseg.o  ./src/main.o ./src/platform.o   -Wl,--start-group,-lxil,-lgcc,-lc,--end-group
'Finished building target: TemperatureSensor.elf'
' '
'Invoking: MicroBlaze Print Size'
mb-size TemperatureSensor.elf  |tee "TemperatureSensor.elf.size"
   text	   data	    bss	    dec	    hex	filename
  95028	   1580	   3416	 100024	  186b8	TemperatureSensor.elf
'Finished building: TemperatureSensor.elf.size'
' '
16:52:29 **** Incremental Build of configuration Debug for project TemperatureSensor ****
make all 
make: Nothing to be done for `all'.
16:52:35 **** Incremental Build of configuration Debug for project TemperatureSensor ****
make all 
make: Nothing to be done for `all'.
