12:10:10 **** Build of configuration Debug for project PressureSensor_bsp_xgpio_example_1 ****
make all 
'Building file: ../src/xgpio_example.c'
'Invoking: MicroBlaze gcc compiler'
mb-gcc -Wall -O0 -g3 -c -fmessage-length=0 -MT"src/xgpio_example.o" -I../../PressureSensor_bsp/microblaze_0/include -mlittle-endian -mcpu=v10.0 -mxl-soft-mul -Wl,--no-relax -ffunction-sections -fdata-sections -MMD -MP -MF"src/xgpio_example.d" -MT"src/xgpio_example.o" -o "src/xgpio_example.o" "../src/xgpio_example.c"
'Finished building: ../src/xgpio_example.c'
' '
'Building target: PressureSensor_bsp_xgpio_example_1.elf'
'Invoking: MicroBlaze gcc linker'
mb-gcc -Wl,-T -Wl,../src/lscript.ld -L../../PressureSensor_bsp/microblaze_0/lib -mlittle-endian -mcpu=v10.0 -mxl-soft-mul -Wl,--no-relax -Wl,--gc-sections -o "PressureSensor_bsp_xgpio_example_1.elf"  ./src/xgpio_example.o   -Wl,--start-group,-lxil,-lgcc,-lc,--end-group
'Finished building target: PressureSensor_bsp_xgpio_example_1.elf'
' '
'Invoking: MicroBlaze Print Size'
mb-size PressureSensor_bsp_xgpio_example_1.elf  |tee "PressureSensor_bsp_xgpio_example_1.elf.size"
   text	   data	    bss	    dec	    hex	filename
   7148	    332	   3136	  10616	   2978	PressureSensor_bsp_xgpio_example_1.elf
'Finished building: PressureSensor_bsp_xgpio_example_1.elf.size'
' '

12:10:13 Build Finished (took 3s.574ms)

