12:08:42 **** Build of configuration Debug for project PressureSensor ****
make all 
'Building file: ../src/main.cc'
'Invoking: MicroBlaze g++ compiler'
mb-g++ -Wall -O0 -g3 -c -fmessage-length=0 -MT"src/main.o" -I../../PressureSensor_bsp/microblaze_0/include -mlittle-endian -mcpu=v10.0 -mxl-soft-mul -Wl,--no-relax -ffunction-sections -fdata-sections -MMD -MP -MF"src/main.d" -MT"src/main.o" -o "src/main.o" "../src/main.cc"
'Finished building: ../src/main.cc'
' '
'Building target: PressureSensor.elf'
'Invoking: MicroBlaze g++ linker'
mb-g++ -Wl,-T -Wl,../src/lscript.ld -L../../PressureSensor_bsp/microblaze_0/lib -mlittle-endian -mcpu=v10.0 -mxl-soft-mul -Wl,--no-relax -Wl,--gc-sections -o "PressureSensor.elf"  ./src/main.o   -Wl,--start-group,-lxil,-lgcc,-lc,-lstdc++,--end-group
'Finished building target: PressureSensor.elf'
' '
'Invoking: MicroBlaze Print Size'
mb-size PressureSensor.elf  |tee "PressureSensor.elf.size"
   text	   data	    bss	    dec	    hex	filename
   2392	    308	   3108	   5808	   16b0	PressureSensor.elf
'Finished building: PressureSensor.elf.size'
' '

12:08:48 Build Finished (took 6s.582ms)

